// Jest Snapshot v1, https://goo.gl/fbAQLP

exports[`storage UserAdmin component should render as expected 1`] = `
ShallowWrapper {
  "length": 1,
  Symbol(enzyme.__root__): [Circular],
  Symbol(enzyme.__unrendered__): <UserAdmin
    history={
        Array [
            "/UserAdmin",
          ]
    }
/>,
  Symbol(enzyme.__renderer__): Object {
    "batchedUpdates": [Function],
    "getNode": [Function],
    "render": [Function],
    "simulateEvent": [Function],
    "unmount": [Function],
  },
  Symbol(enzyme.__node__): Object {
    "instance": null,
    "key": undefined,
    "nodeType": "host",
    "props": Object {
      "children": Array [
        <Navbar />,
        <div
          className="App-intro"
>
          <form
                    className="userAdminForm"
                    id="form"
                    onSubmit={[Function]}
          />
          <section
                    className="useradmin"
          >
                    <section>
                              <input
                                        className="usersearch"
                                        form="form"
                                        name="username"
                                        onChange={[Function]}
                                        placeholder="username"
                                        type="text"
                                        value={undefined}
                              />
                    </section>
                    <section
                              className="network"
                    >
                              <GetNetworks
                                        name="network"
                                        network={[Function]}
                              />
                    </section>
                    <section
                              className="production"
                              name="productions"
                    >
                              <GetProductionDepts
                                        className="production"
                                        name="production"
                                        production={[Function]}
                              />
                    </section>
                    <section
                              className="indie"
                              name="indies"
                    >
                              <Getindie
                                        indies={[Function]}
                                        name="indie"
                              />
                    </section>
          </section>
          <br />
          <button
                    className="submit"
                    form="form"
                    id="submit"
          >
                    Search
          </button>
          <button
                    className="reset"
                    form="form"
                    id="reset"
                    type="reset"
          >
                    Reset
          </button>
          <div>
                    <withRouter(Displayusers)
                              className="results"
                              history={undefined}
                              name="results"
                              users="[{\\"usr_name\\":\\"Waiting\\"}]"
                    />
          </div>
</div>,
        <Footer />,
      ],
      "className": "main",
    },
    "ref": null,
    "rendered": Array [
      Object {
        "instance": null,
        "key": undefined,
        "nodeType": "class",
        "props": Object {},
        "ref": null,
        "rendered": null,
        "type": [Function],
      },
      Object {
        "instance": null,
        "key": undefined,
        "nodeType": "host",
        "props": Object {
          "children": Array [
            <form
              className="userAdminForm"
              id="form"
              onSubmit={[Function]}
/>,
            <section
              className="useradmin"
>
              <section>
                            <input
                                          className="usersearch"
                                          form="form"
                                          name="username"
                                          onChange={[Function]}
                                          placeholder="username"
                                          type="text"
                                          value={undefined}
                            />
              </section>
              <section
                            className="network"
              >
                            <GetNetworks
                                          name="network"
                                          network={[Function]}
                            />
              </section>
              <section
                            className="production"
                            name="productions"
              >
                            <GetProductionDepts
                                          className="production"
                                          name="production"
                                          production={[Function]}
                            />
              </section>
              <section
                            className="indie"
                            name="indies"
              >
                            <Getindie
                                          indies={[Function]}
                                          name="indie"
                            />
              </section>
</section>,
            <br />,
            <button
              className="submit"
              form="form"
              id="submit"
>
              Search
</button>,
            <button
              className="reset"
              form="form"
              id="reset"
              type="reset"
>
              Reset
</button>,
            <div>
              <withRouter(Displayusers)
                            className="results"
                            history={undefined}
                            name="results"
                            users="[{\\"usr_name\\":\\"Waiting\\"}]"
              />
</div>,
          ],
          "className": "App-intro",
        },
        "ref": null,
        "rendered": Array [
          Object {
            "instance": null,
            "key": undefined,
            "nodeType": "host",
            "props": Object {
              "className": "userAdminForm",
              "id": "form",
              "onSubmit": [Function],
            },
            "ref": null,
            "rendered": null,
            "type": "form",
          },
          Object {
            "instance": null,
            "key": undefined,
            "nodeType": "host",
            "props": Object {
              "children": Array [
                <section>
                  <input
                                    className="usersearch"
                                    form="form"
                                    name="username"
                                    onChange={[Function]}
                                    placeholder="username"
                                    type="text"
                                    value={undefined}
                  />
</section>,
                <section
                  className="network"
>
                  <GetNetworks
                                    name="network"
                                    network={[Function]}
                  />
</section>,
                <section
                  className="production"
                  name="productions"
>
                  <GetProductionDepts
                                    className="production"
                                    name="production"
                                    production={[Function]}
                  />
</section>,
                <section
                  className="indie"
                  name="indies"
>
                  <Getindie
                                    indies={[Function]}
                                    name="indie"
                  />
</section>,
              ],
              "className": "useradmin",
            },
            "ref": null,
            "rendered": Array [
              Object {
                "instance": null,
                "key": undefined,
                "nodeType": "host",
                "props": Object {
                  "children": <input
                    className="usersearch"
                    form="form"
                    name="username"
                    onChange={[Function]}
                    placeholder="username"
                    type="text"
                    value={undefined}
/>,
                },
                "ref": null,
                "rendered": Object {
                  "instance": null,
                  "key": undefined,
                  "nodeType": "host",
                  "props": Object {
                    "className": "usersearch",
                    "form": "form",
                    "name": "username",
                    "onChange": [Function],
                    "placeholder": "username",
                    "type": "text",
                    "value": undefined,
                  },
                  "ref": null,
                  "rendered": null,
                  "type": "input",
                },
                "type": "section",
              },
              Object {
                "instance": null,
                "key": undefined,
                "nodeType": "host",
                "props": Object {
                  "children": <GetNetworks
                    name="network"
                    network={[Function]}
/>,
                  "className": "network",
                },
                "ref": null,
                "rendered": Object {
                  "instance": null,
                  "key": undefined,
                  "nodeType": "class",
                  "props": Object {
                    "name": "network",
                    "network": [Function],
                  },
                  "ref": null,
                  "rendered": null,
                  "type": [Function],
                },
                "type": "section",
              },
              Object {
                "instance": null,
                "key": undefined,
                "nodeType": "host",
                "props": Object {
                  "children": <GetProductionDepts
                    className="production"
                    name="production"
                    production={[Function]}
/>,
                  "className": "production",
                  "name": "productions",
                },
                "ref": null,
                "rendered": Object {
                  "instance": null,
                  "key": undefined,
                  "nodeType": "class",
                  "props": Object {
                    "className": "production",
                    "name": "production",
                    "production": [Function],
                  },
                  "ref": null,
                  "rendered": null,
                  "type": [Function],
                },
                "type": "section",
              },
              Object {
                "instance": null,
                "key": undefined,
                "nodeType": "host",
                "props": Object {
                  "children": <Getindie
                    indies={[Function]}
                    name="indie"
/>,
                  "className": "indie",
                  "name": "indies",
                },
                "ref": null,
                "rendered": Object {
                  "instance": null,
                  "key": undefined,
                  "nodeType": "class",
                  "props": Object {
                    "indies": [Function],
                    "name": "indie",
                  },
                  "ref": null,
                  "rendered": null,
                  "type": [Function],
                },
                "type": "section",
              },
            ],
            "type": "section",
          },
          Object {
            "instance": null,
            "key": undefined,
            "nodeType": "host",
            "props": Object {},
            "ref": null,
            "rendered": null,
            "type": "br",
          },
          Object {
            "instance": null,
            "key": undefined,
            "nodeType": "host",
            "props": Object {
              "children": "Search",
              "className": "submit",
              "form": "form",
              "id": "submit",
            },
            "ref": null,
            "rendered": "Search",
            "type": "button",
          },
          Object {
            "instance": null,
            "key": undefined,
            "nodeType": "host",
            "props": Object {
              "children": "Reset",
              "className": "reset",
              "form": "form",
              "id": "reset",
              "type": "reset",
            },
            "ref": null,
            "rendered": "Reset",
            "type": "button",
          },
          Object {
            "instance": null,
            "key": undefined,
            "nodeType": "host",
            "props": Object {
              "children": <withRouter(Displayusers)
                className="results"
                history={undefined}
                name="results"
                users="[{\\"usr_name\\":\\"Waiting\\"}]"
/>,
            },
            "ref": null,
            "rendered": Object {
              "instance": null,
              "key": undefined,
              "nodeType": "function",
              "props": Object {
                "className": "results",
                "history": undefined,
                "name": "results",
                "users": "[{\\"usr_name\\":\\"Waiting\\"}]",
              },
              "ref": null,
              "rendered": null,
              "type": [Function],
            },
            "type": "div",
          },
        ],
        "type": "div",
      },
      Object {
        "instance": null,
        "key": undefined,
        "nodeType": "class",
        "props": Object {},
        "ref": null,
        "rendered": null,
        "type": [Function],
      },
    ],
    "type": "div",
  },
  Symbol(enzyme.__nodes__): Array [
    Object {
      "instance": null,
      "key": undefined,
      "nodeType": "host",
      "props": Object {
        "children": Array [
          <Navbar />,
          <div
            className="App-intro"
>
            <form
                        className="userAdminForm"
                        id="form"
                        onSubmit={[Function]}
            />
            <section
                        className="useradmin"
            >
                        <section>
                                    <input
                                                className="usersearch"
                                                form="form"
                                                name="username"
                                                onChange={[Function]}
                                                placeholder="username"
                                                type="text"
                                                value={undefined}
                                    />
                        </section>
                        <section
                                    className="network"
                        >
                                    <GetNetworks
                                                name="network"
                                                network={[Function]}
                                    />
                        </section>
                        <section
                                    className="production"
                                    name="productions"
                        >
                                    <GetProductionDepts
                                                className="production"
                                                name="production"
                                                production={[Function]}
                                    />
                        </section>
                        <section
                                    className="indie"
                                    name="indies"
                        >
                                    <Getindie
                                                indies={[Function]}
                                                name="indie"
                                    />
                        </section>
            </section>
            <br />
            <button
                        className="submit"
                        form="form"
                        id="submit"
            >
                        Search
            </button>
            <button
                        className="reset"
                        form="form"
                        id="reset"
                        type="reset"
            >
                        Reset
            </button>
            <div>
                        <withRouter(Displayusers)
                                    className="results"
                                    history={undefined}
                                    name="results"
                                    users="[{\\"usr_name\\":\\"Waiting\\"}]"
                        />
            </div>
</div>,
          <Footer />,
        ],
        "className": "main",
      },
      "ref": null,
      "rendered": Array [
        Object {
          "instance": null,
          "key": undefined,
          "nodeType": "class",
          "props": Object {},
          "ref": null,
          "rendered": null,
          "type": [Function],
        },
        Object {
          "instance": null,
          "key": undefined,
          "nodeType": "host",
          "props": Object {
            "children": Array [
              <form
                className="userAdminForm"
                id="form"
                onSubmit={[Function]}
/>,
              <section
                className="useradmin"
>
                <section>
                                <input
                                                className="usersearch"
                                                form="form"
                                                name="username"
                                                onChange={[Function]}
                                                placeholder="username"
                                                type="text"
                                                value={undefined}
                                />
                </section>
                <section
                                className="network"
                >
                                <GetNetworks
                                                name="network"
                                                network={[Function]}
                                />
                </section>
                <section
                                className="production"
                                name="productions"
                >
                                <GetProductionDepts
                                                className="production"
                                                name="production"
                                                production={[Function]}
                                />
                </section>
                <section
                                className="indie"
                                name="indies"
                >
                                <Getindie
                                                indies={[Function]}
                                                name="indie"
                                />
                </section>
</section>,
              <br />,
              <button
                className="submit"
                form="form"
                id="submit"
>
                Search
</button>,
              <button
                className="reset"
                form="form"
                id="reset"
                type="reset"
>
                Reset
</button>,
              <div>
                <withRouter(Displayusers)
                                className="results"
                                history={undefined}
                                name="results"
                                users="[{\\"usr_name\\":\\"Waiting\\"}]"
                />
</div>,
            ],
            "className": "App-intro",
          },
          "ref": null,
          "rendered": Array [
            Object {
              "instance": null,
              "key": undefined,
              "nodeType": "host",
              "props": Object {
                "className": "userAdminForm",
                "id": "form",
                "onSubmit": [Function],
              },
              "ref": null,
              "rendered": null,
              "type": "form",
            },
            Object {
              "instance": null,
              "key": undefined,
              "nodeType": "host",
              "props": Object {
                "children": Array [
                  <section>
                    <input
                                        className="usersearch"
                                        form="form"
                                        name="username"
                                        onChange={[Function]}
                                        placeholder="username"
                                        type="text"
                                        value={undefined}
                    />
</section>,
                  <section
                    className="network"
>
                    <GetNetworks
                                        name="network"
                                        network={[Function]}
                    />
</section>,
                  <section
                    className="production"
                    name="productions"
>
                    <GetProductionDepts
                                        className="production"
                                        name="production"
                                        production={[Function]}
                    />
</section>,
                  <section
                    className="indie"
                    name="indies"
>
                    <Getindie
                                        indies={[Function]}
                                        name="indie"
                    />
</section>,
                ],
                "className": "useradmin",
              },
              "ref": null,
              "rendered": Array [
                Object {
                  "instance": null,
                  "key": undefined,
                  "nodeType": "host",
                  "props": Object {
                    "children": <input
                      className="usersearch"
                      form="form"
                      name="username"
                      onChange={[Function]}
                      placeholder="username"
                      type="text"
                      value={undefined}
/>,
                  },
                  "ref": null,
                  "rendered": Object {
                    "instance": null,
                    "key": undefined,
                    "nodeType": "host",
                    "props": Object {
                      "className": "usersearch",
                      "form": "form",
                      "name": "username",
                      "onChange": [Function],
                      "placeholder": "username",
                      "type": "text",
                      "value": undefined,
                    },
                    "ref": null,
                    "rendered": null,
                    "type": "input",
                  },
                  "type": "section",
                },
                Object {
                  "instance": null,
                  "key": undefined,
                  "nodeType": "host",
                  "props": Object {
                    "children": <GetNetworks
                      name="network"
                      network={[Function]}
/>,
                    "className": "network",
                  },
                  "ref": null,
                  "rendered": Object {
                    "instance": null,
                    "key": undefined,
                    "nodeType": "class",
                    "props": Object {
                      "name": "network",
                      "network": [Function],
                    },
                    "ref": null,
                    "rendered": null,
                    "type": [Function],
                  },
                  "type": "section",
                },
                Object {
                  "instance": null,
                  "key": undefined,
                  "nodeType": "host",
                  "props": Object {
                    "children": <GetProductionDepts
                      className="production"
                      name="production"
                      production={[Function]}
/>,
                    "className": "production",
                    "name": "productions",
                  },
                  "ref": null,
                  "rendered": Object {
                    "instance": null,
                    "key": undefined,
                    "nodeType": "class",
                    "props": Object {
                      "className": "production",
                      "name": "production",
                      "production": [Function],
                    },
                    "ref": null,
                    "rendered": null,
                    "type": [Function],
                  },
                  "type": "section",
                },
                Object {
                  "instance": null,
                  "key": undefined,
                  "nodeType": "host",
                  "props": Object {
                    "children": <Getindie
                      indies={[Function]}
                      name="indie"
/>,
                    "className": "indie",
                    "name": "indies",
                  },
                  "ref": null,
                  "rendered": Object {
                    "instance": null,
                    "key": undefined,
                    "nodeType": "class",
                    "props": Object {
                      "indies": [Function],
                      "name": "indie",
                    },
                    "ref": null,
                    "rendered": null,
                    "type": [Function],
                  },
                  "type": "section",
                },
              ],
              "type": "section",
            },
            Object {
              "instance": null,
              "key": undefined,
              "nodeType": "host",
              "props": Object {},
              "ref": null,
              "rendered": null,
              "type": "br",
            },
            Object {
              "instance": null,
              "key": undefined,
              "nodeType": "host",
              "props": Object {
                "children": "Search",
                "className": "submit",
                "form": "form",
                "id": "submit",
              },
              "ref": null,
              "rendered": "Search",
              "type": "button",
            },
            Object {
              "instance": null,
              "key": undefined,
              "nodeType": "host",
              "props": Object {
                "children": "Reset",
                "className": "reset",
                "form": "form",
                "id": "reset",
                "type": "reset",
              },
              "ref": null,
              "rendered": "Reset",
              "type": "button",
            },
            Object {
              "instance": null,
              "key": undefined,
              "nodeType": "host",
              "props": Object {
                "children": <withRouter(Displayusers)
                  className="results"
                  history={undefined}
                  name="results"
                  users="[{\\"usr_name\\":\\"Waiting\\"}]"
/>,
              },
              "ref": null,
              "rendered": Object {
                "instance": null,
                "key": undefined,
                "nodeType": "function",
                "props": Object {
                  "className": "results",
                  "history": undefined,
                  "name": "results",
                  "users": "[{\\"usr_name\\":\\"Waiting\\"}]",
                },
                "ref": null,
                "rendered": null,
                "type": [Function],
              },
              "type": "div",
            },
          ],
          "type": "div",
        },
        Object {
          "instance": null,
          "key": undefined,
          "nodeType": "class",
          "props": Object {},
          "ref": null,
          "rendered": null,
          "type": [Function],
        },
      ],
      "type": "div",
    },
  ],
  Symbol(enzyme.__options__): Object {
    "adapter": ReactSixteenAdapter {
      "options": Object {
        "enableComponentDidUpdateOnSetState": true,
      },
    },
  },
}
`;

exports[`storage UserAdmin component should render as expected 2`] = `
ShallowWrapper {
  "length": 1,
  Symbol(enzyme.__root__): [Circular],
  Symbol(enzyme.__unrendered__): <UserAdmin
    history={
        Array [
            "/UserAdmin",
          ]
    }
/>,
  Symbol(enzyme.__renderer__): Object {
    "batchedUpdates": [Function],
    "getNode": [Function],
    "render": [Function],
    "simulateEvent": [Function],
    "unmount": [Function],
  },
  Symbol(enzyme.__node__): Object {
    "instance": null,
    "key": undefined,
    "nodeType": "host",
    "props": Object {
      "children": Array [
        <Navbar />,
        <div
          className="App-intro"
>
          <form
                    className="userAdminForm"
                    id="form"
                    onSubmit={[Function]}
          />
          <section
                    className="useradmin"
          >
                    <section>
                              <input
                                        className="usersearch"
                                        form="form"
                                        name="username"
                                        onChange={[Function]}
                                        placeholder="username"
                                        type="text"
                                        value={undefined}
                              />
                    </section>
                    <section
                              className="network"
                    >
                              <GetNetworks
                                        name="network"
                                        network={[Function]}
                              />
                    </section>
                    <section
                              className="production"
                              name="productions"
                    >
                              <GetProductionDepts
                                        className="production"
                                        name="production"
                                        production={[Function]}
                              />
                    </section>
                    <section
                              className="indie"
                              name="indies"
                    >
                              <Getindie
                                        indies={[Function]}
                                        name="indie"
                              />
                    </section>
          </section>
          <br />
          <button
                    className="submit"
                    form="form"
                    id="submit"
          >
                    Search
          </button>
          <button
                    className="reset"
                    form="form"
                    id="reset"
                    type="reset"
          >
                    Reset
          </button>
          <div>
                    <withRouter(Displayusers)
                              className="results"
                              history={undefined}
                              name="results"
                              users="[{\\"usr_name\\":\\"Waiting\\"}]"
                    />
          </div>
</div>,
        <Footer />,
      ],
      "className": "main",
    },
    "ref": null,
    "rendered": Array [
      Object {
        "instance": null,
        "key": undefined,
        "nodeType": "class",
        "props": Object {},
        "ref": null,
        "rendered": null,
        "type": [Function],
      },
      Object {
        "instance": null,
        "key": undefined,
        "nodeType": "host",
        "props": Object {
          "children": Array [
            <form
              className="userAdminForm"
              id="form"
              onSubmit={[Function]}
/>,
            <section
              className="useradmin"
>
              <section>
                            <input
                                          className="usersearch"
                                          form="form"
                                          name="username"
                                          onChange={[Function]}
                                          placeholder="username"
                                          type="text"
                                          value={undefined}
                            />
              </section>
              <section
                            className="network"
              >
                            <GetNetworks
                                          name="network"
                                          network={[Function]}
                            />
              </section>
              <section
                            className="production"
                            name="productions"
              >
                            <GetProductionDepts
                                          className="production"
                                          name="production"
                                          production={[Function]}
                            />
              </section>
              <section
                            className="indie"
                            name="indies"
              >
                            <Getindie
                                          indies={[Function]}
                                          name="indie"
                            />
              </section>
</section>,
            <br />,
            <button
              className="submit"
              form="form"
              id="submit"
>
              Search
</button>,
            <button
              className="reset"
              form="form"
              id="reset"
              type="reset"
>
              Reset
</button>,
            <div>
              <withRouter(Displayusers)
                            className="results"
                            history={undefined}
                            name="results"
                            users="[{\\"usr_name\\":\\"Waiting\\"}]"
              />
</div>,
          ],
          "className": "App-intro",
        },
        "ref": null,
        "rendered": Array [
          Object {
            "instance": null,
            "key": undefined,
            "nodeType": "host",
            "props": Object {
              "className": "userAdminForm",
              "id": "form",
              "onSubmit": [Function],
            },
            "ref": null,
            "rendered": null,
            "type": "form",
          },
          Object {
            "instance": null,
            "key": undefined,
            "nodeType": "host",
            "props": Object {
              "children": Array [
                <section>
                  <input
                                    className="usersearch"
                                    form="form"
                                    name="username"
                                    onChange={[Function]}
                                    placeholder="username"
                                    type="text"
                                    value={undefined}
                  />
</section>,
                <section
                  className="network"
>
                  <GetNetworks
                                    name="network"
                                    network={[Function]}
                  />
</section>,
                <section
                  className="production"
                  name="productions"
>
                  <GetProductionDepts
                                    className="production"
                                    name="production"
                                    production={[Function]}
                  />
</section>,
                <section
                  className="indie"
                  name="indies"
>
                  <Getindie
                                    indies={[Function]}
                                    name="indie"
                  />
</section>,
              ],
              "className": "useradmin",
            },
            "ref": null,
            "rendered": Array [
              Object {
                "instance": null,
                "key": undefined,
                "nodeType": "host",
                "props": Object {
                  "children": <input
                    className="usersearch"
                    form="form"
                    name="username"
                    onChange={[Function]}
                    placeholder="username"
                    type="text"
                    value={undefined}
/>,
                },
                "ref": null,
                "rendered": Object {
                  "instance": null,
                  "key": undefined,
                  "nodeType": "host",
                  "props": Object {
                    "className": "usersearch",
                    "form": "form",
                    "name": "username",
                    "onChange": [Function],
                    "placeholder": "username",
                    "type": "text",
                    "value": undefined,
                  },
                  "ref": null,
                  "rendered": null,
                  "type": "input",
                },
                "type": "section",
              },
              Object {
                "instance": null,
                "key": undefined,
                "nodeType": "host",
                "props": Object {
                  "children": <GetNetworks
                    name="network"
                    network={[Function]}
/>,
                  "className": "network",
                },
                "ref": null,
                "rendered": Object {
                  "instance": null,
                  "key": undefined,
                  "nodeType": "class",
                  "props": Object {
                    "name": "network",
                    "network": [Function],
                  },
                  "ref": null,
                  "rendered": null,
                  "type": [Function],
                },
                "type": "section",
              },
              Object {
                "instance": null,
                "key": undefined,
                "nodeType": "host",
                "props": Object {
                  "children": <GetProductionDepts
                    className="production"
                    name="production"
                    production={[Function]}
/>,
                  "className": "production",
                  "name": "productions",
                },
                "ref": null,
                "rendered": Object {
                  "instance": null,
                  "key": undefined,
                  "nodeType": "class",
                  "props": Object {
                    "className": "production",
                    "name": "production",
                    "production": [Function],
                  },
                  "ref": null,
                  "rendered": null,
                  "type": [Function],
                },
                "type": "section",
              },
              Object {
                "instance": null,
                "key": undefined,
                "nodeType": "host",
                "props": Object {
                  "children": <Getindie
                    indies={[Function]}
                    name="indie"
/>,
                  "className": "indie",
                  "name": "indies",
                },
                "ref": null,
                "rendered": Object {
                  "instance": null,
                  "key": undefined,
                  "nodeType": "class",
                  "props": Object {
                    "indies": [Function],
                    "name": "indie",
                  },
                  "ref": null,
                  "rendered": null,
                  "type": [Function],
                },
                "type": "section",
              },
            ],
            "type": "section",
          },
          Object {
            "instance": null,
            "key": undefined,
            "nodeType": "host",
            "props": Object {},
            "ref": null,
            "rendered": null,
            "type": "br",
          },
          Object {
            "instance": null,
            "key": undefined,
            "nodeType": "host",
            "props": Object {
              "children": "Search",
              "className": "submit",
              "form": "form",
              "id": "submit",
            },
            "ref": null,
            "rendered": "Search",
            "type": "button",
          },
          Object {
            "instance": null,
            "key": undefined,
            "nodeType": "host",
            "props": Object {
              "children": "Reset",
              "className": "reset",
              "form": "form",
              "id": "reset",
              "type": "reset",
            },
            "ref": null,
            "rendered": "Reset",
            "type": "button",
          },
          Object {
            "instance": null,
            "key": undefined,
            "nodeType": "host",
            "props": Object {
              "children": <withRouter(Displayusers)
                className="results"
                history={undefined}
                name="results"
                users="[{\\"usr_name\\":\\"Waiting\\"}]"
/>,
            },
            "ref": null,
            "rendered": Object {
              "instance": null,
              "key": undefined,
              "nodeType": "function",
              "props": Object {
                "className": "results",
                "history": undefined,
                "name": "results",
                "users": "[{\\"usr_name\\":\\"Waiting\\"}]",
              },
              "ref": null,
              "rendered": null,
              "type": [Function],
            },
            "type": "div",
          },
        ],
        "type": "div",
      },
      Object {
        "instance": null,
        "key": undefined,
        "nodeType": "class",
        "props": Object {},
        "ref": null,
        "rendered": null,
        "type": [Function],
      },
    ],
    "type": "div",
  },
  Symbol(enzyme.__nodes__): Array [
    Object {
      "instance": null,
      "key": undefined,
      "nodeType": "host",
      "props": Object {
        "children": Array [
          <Navbar />,
          <div
            className="App-intro"
>
            <form
                        className="userAdminForm"
                        id="form"
                        onSubmit={[Function]}
            />
            <section
                        className="useradmin"
            >
                        <section>
                                    <input
                                                className="usersearch"
                                                form="form"
                                                name="username"
                                                onChange={[Function]}
                                                placeholder="username"
                                                type="text"
                                                value={undefined}
                                    />
                        </section>
                        <section
                                    className="network"
                        >
                                    <GetNetworks
                                                name="network"
                                                network={[Function]}
                                    />
                        </section>
                        <section
                                    className="production"
                                    name="productions"
                        >
                                    <GetProductionDepts
                                                className="production"
                                                name="production"
                                                production={[Function]}
                                    />
                        </section>
                        <section
                                    className="indie"
                                    name="indies"
                        >
                                    <Getindie
                                                indies={[Function]}
                                                name="indie"
                                    />
                        </section>
            </section>
            <br />
            <button
                        className="submit"
                        form="form"
                        id="submit"
            >
                        Search
            </button>
            <button
                        className="reset"
                        form="form"
                        id="reset"
                        type="reset"
            >
                        Reset
            </button>
            <div>
                        <withRouter(Displayusers)
                                    className="results"
                                    history={undefined}
                                    name="results"
                                    users="[{\\"usr_name\\":\\"Waiting\\"}]"
                        />
            </div>
</div>,
          <Footer />,
        ],
        "className": "main",
      },
      "ref": null,
      "rendered": Array [
        Object {
          "instance": null,
          "key": undefined,
          "nodeType": "class",
          "props": Object {},
          "ref": null,
          "rendered": null,
          "type": [Function],
        },
        Object {
          "instance": null,
          "key": undefined,
          "nodeType": "host",
          "props": Object {
            "children": Array [
              <form
                className="userAdminForm"
                id="form"
                onSubmit={[Function]}
/>,
              <section
                className="useradmin"
>
                <section>
                                <input
                                                className="usersearch"
                                                form="form"
                                                name="username"
                                                onChange={[Function]}
                                                placeholder="username"
                                                type="text"
                                                value={undefined}
                                />
                </section>
                <section
                                className="network"
                >
                                <GetNetworks
                                                name="network"
                                                network={[Function]}
                                />
                </section>
                <section
                                className="production"
                                name="productions"
                >
                                <GetProductionDepts
                                                className="production"
                                                name="production"
                                                production={[Function]}
                                />
                </section>
                <section
                                className="indie"
                                name="indies"
                >
                                <Getindie
                                                indies={[Function]}
                                                name="indie"
                                />
                </section>
</section>,
              <br />,
              <button
                className="submit"
                form="form"
                id="submit"
>
                Search
</button>,
              <button
                className="reset"
                form="form"
                id="reset"
                type="reset"
>
                Reset
</button>,
              <div>
                <withRouter(Displayusers)
                                className="results"
                                history={undefined}
                                name="results"
                                users="[{\\"usr_name\\":\\"Waiting\\"}]"
                />
</div>,
            ],
            "className": "App-intro",
          },
          "ref": null,
          "rendered": Array [
            Object {
              "instance": null,
              "key": undefined,
              "nodeType": "host",
              "props": Object {
                "className": "userAdminForm",
                "id": "form",
                "onSubmit": [Function],
              },
              "ref": null,
              "rendered": null,
              "type": "form",
            },
            Object {
              "instance": null,
              "key": undefined,
              "nodeType": "host",
              "props": Object {
                "children": Array [
                  <section>
                    <input
                                        className="usersearch"
                                        form="form"
                                        name="username"
                                        onChange={[Function]}
                                        placeholder="username"
                                        type="text"
                                        value={undefined}
                    />
</section>,
                  <section
                    className="network"
>
                    <GetNetworks
                                        name="network"
                                        network={[Function]}
                    />
</section>,
                  <section
                    className="production"
                    name="productions"
>
                    <GetProductionDepts
                                        className="production"
                                        name="production"
                                        production={[Function]}
                    />
</section>,
                  <section
                    className="indie"
                    name="indies"
>
                    <Getindie
                                        indies={[Function]}
                                        name="indie"
                    />
</section>,
                ],
                "className": "useradmin",
              },
              "ref": null,
              "rendered": Array [
                Object {
                  "instance": null,
                  "key": undefined,
                  "nodeType": "host",
                  "props": Object {
                    "children": <input
                      className="usersearch"
                      form="form"
                      name="username"
                      onChange={[Function]}
                      placeholder="username"
                      type="text"
                      value={undefined}
/>,
                  },
                  "ref": null,
                  "rendered": Object {
                    "instance": null,
                    "key": undefined,
                    "nodeType": "host",
                    "props": Object {
                      "className": "usersearch",
                      "form": "form",
                      "name": "username",
                      "onChange": [Function],
                      "placeholder": "username",
                      "type": "text",
                      "value": undefined,
                    },
                    "ref": null,
                    "rendered": null,
                    "type": "input",
                  },
                  "type": "section",
                },
                Object {
                  "instance": null,
                  "key": undefined,
                  "nodeType": "host",
                  "props": Object {
                    "children": <GetNetworks
                      name="network"
                      network={[Function]}
/>,
                    "className": "network",
                  },
                  "ref": null,
                  "rendered": Object {
                    "instance": null,
                    "key": undefined,
                    "nodeType": "class",
                    "props": Object {
                      "name": "network",
                      "network": [Function],
                    },
                    "ref": null,
                    "rendered": null,
                    "type": [Function],
                  },
                  "type": "section",
                },
                Object {
                  "instance": null,
                  "key": undefined,
                  "nodeType": "host",
                  "props": Object {
                    "children": <GetProductionDepts
                      className="production"
                      name="production"
                      production={[Function]}
/>,
                    "className": "production",
                    "name": "productions",
                  },
                  "ref": null,
                  "rendered": Object {
                    "instance": null,
                    "key": undefined,
                    "nodeType": "class",
                    "props": Object {
                      "className": "production",
                      "name": "production",
                      "production": [Function],
                    },
                    "ref": null,
                    "rendered": null,
                    "type": [Function],
                  },
                  "type": "section",
                },
                Object {
                  "instance": null,
                  "key": undefined,
                  "nodeType": "host",
                  "props": Object {
                    "children": <Getindie
                      indies={[Function]}
                      name="indie"
/>,
                    "className": "indie",
                    "name": "indies",
                  },
                  "ref": null,
                  "rendered": Object {
                    "instance": null,
                    "key": undefined,
                    "nodeType": "class",
                    "props": Object {
                      "indies": [Function],
                      "name": "indie",
                    },
                    "ref": null,
                    "rendered": null,
                    "type": [Function],
                  },
                  "type": "section",
                },
              ],
              "type": "section",
            },
            Object {
              "instance": null,
              "key": undefined,
              "nodeType": "host",
              "props": Object {},
              "ref": null,
              "rendered": null,
              "type": "br",
            },
            Object {
              "instance": null,
              "key": undefined,
              "nodeType": "host",
              "props": Object {
                "children": "Search",
                "className": "submit",
                "form": "form",
                "id": "submit",
              },
              "ref": null,
              "rendered": "Search",
              "type": "button",
            },
            Object {
              "instance": null,
              "key": undefined,
              "nodeType": "host",
              "props": Object {
                "children": "Reset",
                "className": "reset",
                "form": "form",
                "id": "reset",
                "type": "reset",
              },
              "ref": null,
              "rendered": "Reset",
              "type": "button",
            },
            Object {
              "instance": null,
              "key": undefined,
              "nodeType": "host",
              "props": Object {
                "children": <withRouter(Displayusers)
                  className="results"
                  history={undefined}
                  name="results"
                  users="[{\\"usr_name\\":\\"Waiting\\"}]"
/>,
              },
              "ref": null,
              "rendered": Object {
                "instance": null,
                "key": undefined,
                "nodeType": "function",
                "props": Object {
                  "className": "results",
                  "history": undefined,
                  "name": "results",
                  "users": "[{\\"usr_name\\":\\"Waiting\\"}]",
                },
                "ref": null,
                "rendered": null,
                "type": [Function],
              },
              "type": "div",
            },
          ],
          "type": "div",
        },
        Object {
          "instance": null,
          "key": undefined,
          "nodeType": "class",
          "props": Object {},
          "ref": null,
          "rendered": null,
          "type": [Function],
        },
      ],
      "type": "div",
    },
  ],
  Symbol(enzyme.__options__): Object {
    "adapter": ReactSixteenAdapter {
      "options": Object {
        "enableComponentDidUpdateOnSetState": true,
      },
    },
  },
}
`;
